Archive member included because of file (symbol)

p:/sdk/sdk_win_64/sdk_win_64/winavr/bin/../lib/gcc/avr/4.3.3/avr5\libgcc.a(_mulsi3.o)
                              ./HAL/LM35/LM35_Prog.o (__mulsi3)
p:/sdk/sdk_win_64/sdk_win_64/winavr/bin/../lib/gcc/avr/4.3.3/avr5\libgcc.a(_udivmodqi4.o)
                              ./MCAL/DIO/DIO_Prog.o (__udivmodqi4)
p:/sdk/sdk_win_64/sdk_win_64/winavr/bin/../lib/gcc/avr/4.3.3/avr5\libgcc.a(_divmodhi4.o)
                              ./APP/main.o (__divmodhi4)
p:/sdk/sdk_win_64/sdk_win_64/winavr/bin/../lib/gcc/avr/4.3.3/avr5\libgcc.a(_udivmodsi4.o)
                              ./HAL/LM35/LM35_Prog.o (__udivmodsi4)
p:/sdk/sdk_win_64/sdk_win_64/winavr/bin/../lib/gcc/avr/4.3.3/avr5\libgcc.a(_divmodsi4.o)
                              ./HAL/LCD/LCD_Prog.o (__divmodsi4)
p:/sdk/sdk_win_64/sdk_win_64/winavr/bin/../lib/gcc/avr/4.3.3/avr5\libgcc.a(_exit.o)
                              p:/sdk/sdk_win_64/sdk_win_64/winavr/bin/../lib/gcc/avr/4.3.3/../../../../avr/lib/avr5/crtm32.o (exit)
p:/sdk/sdk_win_64/sdk_win_64/winavr/bin/../lib/gcc/avr/4.3.3/avr5\libgcc.a(_copy_data.o)
                              ./HAL/KeyPad/KeyPad_Prog.o (__do_copy_data)
p:/sdk/sdk_win_64/sdk_win_64/winavr/bin/../lib/gcc/avr/4.3.3/avr5\libgcc.a(_clear_bss.o)
                              ./MCAL/Timer/Timer_Prog.o (__do_clear_bss)
p:/sdk/sdk_win_64/sdk_win_64/winavr/bin/../lib/gcc/avr/4.3.3/avr5\libgcc.a(_fixunssfsi.o)
                              ./MCAL/Timer/Timer_Prog.o (__fixunssfsi)
p:/sdk/sdk_win_64/sdk_win_64/winavr/bin/../lib/gcc/avr/4.3.3/avr5\libgcc.a(_addsub_sf.o)
                              ./MCAL/Timer/Timer_Prog.o (__subsf3)
p:/sdk/sdk_win_64/sdk_win_64/winavr/bin/../lib/gcc/avr/4.3.3/avr5\libgcc.a(_mul_sf.o)
                              ./MCAL/Timer/Timer_Prog.o (__mulsf3)
p:/sdk/sdk_win_64/sdk_win_64/winavr/bin/../lib/gcc/avr/4.3.3/avr5\libgcc.a(_div_sf.o)
                              ./MCAL/Timer/Timer_Prog.o (__divsf3)
p:/sdk/sdk_win_64/sdk_win_64/winavr/bin/../lib/gcc/avr/4.3.3/avr5\libgcc.a(_ge_sf.o)
                              p:/sdk/sdk_win_64/sdk_win_64/winavr/bin/../lib/gcc/avr/4.3.3/avr5\libgcc.a(_fixunssfsi.o) (__gesf2)
p:/sdk/sdk_win_64/sdk_win_64/winavr/bin/../lib/gcc/avr/4.3.3/avr5\libgcc.a(_sf_to_si.o)
                              p:/sdk/sdk_win_64/sdk_win_64/winavr/bin/../lib/gcc/avr/4.3.3/avr5\libgcc.a(_fixunssfsi.o) (__fixsfsi)
p:/sdk/sdk_win_64/sdk_win_64/winavr/bin/../lib/gcc/avr/4.3.3/avr5\libgcc.a(_thenan_sf.o)
                              p:/sdk/sdk_win_64/sdk_win_64/winavr/bin/../lib/gcc/avr/4.3.3/avr5\libgcc.a(_addsub_sf.o) (__thenan_sf)
p:/sdk/sdk_win_64/sdk_win_64/winavr/bin/../lib/gcc/avr/4.3.3/avr5\libgcc.a(_usi_to_sf.o)
                              ./MCAL/Timer/Timer_Prog.o (__floatunsisf)
p:/sdk/sdk_win_64/sdk_win_64/winavr/bin/../lib/gcc/avr/4.3.3/avr5\libgcc.a(_udivmodhi4.o)
                              p:/sdk/sdk_win_64/sdk_win_64/winavr/bin/../lib/gcc/avr/4.3.3/avr5\libgcc.a(_divmodhi4.o) (__udivmodhi4)
p:/sdk/sdk_win_64/sdk_win_64/winavr/bin/../lib/gcc/avr/4.3.3/avr5\libgcc.a(_prologue.o)
                              p:/sdk/sdk_win_64/sdk_win_64/winavr/bin/../lib/gcc/avr/4.3.3/avr5\libgcc.a(_addsub_sf.o) (__prologue_saves__)
p:/sdk/sdk_win_64/sdk_win_64/winavr/bin/../lib/gcc/avr/4.3.3/avr5\libgcc.a(_epilogue.o)
                              p:/sdk/sdk_win_64/sdk_win_64/winavr/bin/../lib/gcc/avr/4.3.3/avr5\libgcc.a(_addsub_sf.o) (__epilogue_restores__)
p:/sdk/sdk_win_64/sdk_win_64/winavr/bin/../lib/gcc/avr/4.3.3/avr5\libgcc.a(_clzsi2.o)
                              p:/sdk/sdk_win_64/sdk_win_64/winavr/bin/../lib/gcc/avr/4.3.3/avr5\libgcc.a(_usi_to_sf.o) (__clzsi2)
p:/sdk/sdk_win_64/sdk_win_64/winavr/bin/../lib/gcc/avr/4.3.3/avr5\libgcc.a(_pack_sf.o)
                              p:/sdk/sdk_win_64/sdk_win_64/winavr/bin/../lib/gcc/avr/4.3.3/avr5\libgcc.a(_addsub_sf.o) (__pack_f)
p:/sdk/sdk_win_64/sdk_win_64/winavr/bin/../lib/gcc/avr/4.3.3/avr5\libgcc.a(_unpack_sf.o)
                              p:/sdk/sdk_win_64/sdk_win_64/winavr/bin/../lib/gcc/avr/4.3.3/avr5\libgcc.a(_addsub_sf.o) (__unpack_f)
p:/sdk/sdk_win_64/sdk_win_64/winavr/bin/../lib/gcc/avr/4.3.3/avr5\libgcc.a(_fpcmp_parts_sf.o)
                              p:/sdk/sdk_win_64/sdk_win_64/winavr/bin/../lib/gcc/avr/4.3.3/avr5\libgcc.a(_ge_sf.o) (__fpcmp_parts_f)
p:/sdk/sdk_win_64/sdk_win_64/winavr/bin/../lib/gcc/avr/4.3.3/avr5\libgcc.a(_clz.o)
                              p:/sdk/sdk_win_64/sdk_win_64/winavr/bin/../lib/gcc/avr/4.3.3/avr5\libgcc.a(_clzsi2.o) (__clz_tab)

Allocating common symbols
Common symbol       size              file

ExtInt1_CallBack    0x2               ./MCAL/ExtInt/ExtInt_Prog.o
ExtInt2_CallBack    0x2               ./MCAL/ExtInt/ExtInt_Prog.o
Timer_CallBack      0x2               ./MCAL/Timer/Timer_Prog.o
ExtInt0_CallBack    0x2               ./MCAL/ExtInt/ExtInt_Prog.o

Memory Configuration

Name             Origin             Length             Attributes
text             0x00000000         0x00020000         xr
data             0x00800060         0x0000ffa0         rw !x
eeprom           0x00810000         0x00010000         rw !x
fuse             0x00820000         0x00000400         rw !x
lock             0x00830000         0x00000400         rw !x
signature        0x00840000         0x00000400         rw !x
*default*        0x00000000         0xffffffff

Linker script and memory map

LOAD p:/sdk/sdk_win_64/sdk_win_64/winavr/bin/../lib/gcc/avr/4.3.3/../../../../avr/lib/avr5/crtm32.o
LOAD ./MCAL/WDT/WDT_Prog.o
LOAD ./MCAL/UART/UART_Prog.o
LOAD ./MCAL/Timer/Timer_Prog.o
LOAD ./MCAL/SPI/SPI_Prog.o
LOAD ./MCAL/I2C/I2C_prog.o
LOAD ./MCAL/GIE/GIE_Prog.o
LOAD ./MCAL/ExtInt/ExtInt_Prog.o
LOAD ./MCAL/DIO/DIO_Prog.o
LOAD ./MCAL/ADC/ADC_Prog.o
LOAD ./HAL/StepperMotor/Stepper_prog.o
LOAD ./HAL/Servo/Servo_Prog.o
LOAD ./HAL/SSD/SSD_Prog.o
LOAD ./HAL/PB/PB_Prog.o
LOAD ./HAL/LM35/LM35_Prog.o
LOAD ./HAL/LED/LED_Prog.o
LOAD ./HAL/LCD/LCD_Prog.o
LOAD ./HAL/KeyPad/KeyPad_Prog.o
LOAD ./HAL/DCMotor/DCMotor_Prog.o
LOAD ./HAL/AT24C16A/AT24C16A_prog.o
LOAD ./APP/main.o
LOAD p:/sdk/sdk_win_64/sdk_win_64/winavr/bin/../lib/gcc/avr/4.3.3/avr5\libgcc.a
LOAD p:/sdk/sdk_win_64/sdk_win_64/winavr/bin/../lib/gcc/avr/4.3.3/../../../../avr/lib/avr5\libc.a
LOAD p:/sdk/sdk_win_64/sdk_win_64/winavr/bin/../lib/gcc/avr/4.3.3/avr5\libgcc.a

.hash
 *(.hash)

.dynsym
 *(.dynsym)

.dynstr
 *(.dynstr)

.gnu.version
 *(.gnu.version)

.gnu.version_d
 *(.gnu.version_d)

.gnu.version_r
 *(.gnu.version_r)

.rel.init
 *(.rel.init)

.rela.init
 *(.rela.init)

.rel.text
 *(.rel.text)
 *(.rel.text.*)
 *(.rel.gnu.linkonce.t*)

.rela.text
 *(.rela.text)
 *(.rela.text.*)
 *(.rela.gnu.linkonce.t*)

.rel.fini
 *(.rel.fini)

.rela.fini
 *(.rela.fini)

.rel.rodata
 *(.rel.rodata)
 *(.rel.rodata.*)
 *(.rel.gnu.linkonce.r*)

.rela.rodata
 *(.rela.rodata)
 *(.rela.rodata.*)
 *(.rela.gnu.linkonce.r*)

.rel.data
 *(.rel.data)
 *(.rel.data.*)
 *(.rel.gnu.linkonce.d*)

.rela.data
 *(.rela.data)
 *(.rela.data.*)
 *(.rela.gnu.linkonce.d*)

.rel.ctors
 *(.rel.ctors)

.rela.ctors
 *(.rela.ctors)

.rel.dtors
 *(.rel.dtors)

.rela.dtors
 *(.rela.dtors)

.rel.got
 *(.rel.got)

.rela.got
 *(.rela.got)

.rel.bss
 *(.rel.bss)

.rela.bss
 *(.rela.bss)

.rel.plt
 *(.rel.plt)

.rela.plt
 *(.rela.plt)

.text           0x00000000     0x27ce
 *(.vectors)
 .vectors       0x00000000       0x54 p:/sdk/sdk_win_64/sdk_win_64/winavr/bin/../lib/gcc/avr/4.3.3/../../../../avr/lib/avr5/crtm32.o
                0x00000000                __vectors
                0x00000000                __vector_default
 *(.vectors)
 *(.progmem.gcc*)
 *(.progmem*)
                0x00000054                . = ALIGN (0x2)
                0x00000054                __trampolines_start = .
 *(.trampolines)
 .trampolines   0x00000054        0x0 linker stubs
 *(.trampolines*)
                0x00000054                __trampolines_end = .
 *(.jumptables)
 *(.jumptables*)
 *(.lowtext)
 *(.lowtext*)
                0x00000054                __ctors_start = .
 *(.ctors)
                0x00000054                __ctors_end = .
                0x00000054                __dtors_start = .
 *(.dtors)
                0x00000054                __dtors_end = .
 SORT(*)(.ctors)
 SORT(*)(.dtors)
 *(.init0)
 .init0         0x00000054        0x0 p:/sdk/sdk_win_64/sdk_win_64/winavr/bin/../lib/gcc/avr/4.3.3/../../../../avr/lib/avr5/crtm32.o
                0x00000054                __init
 *(.init0)
 *(.init1)
 *(.init1)
 *(.init2)
 .init2         0x00000054        0xc p:/sdk/sdk_win_64/sdk_win_64/winavr/bin/../lib/gcc/avr/4.3.3/../../../../avr/lib/avr5/crtm32.o
 *(.init2)
 *(.init3)
 *(.init3)
 *(.init4)
 .init4         0x00000060       0x16 p:/sdk/sdk_win_64/sdk_win_64/winavr/bin/../lib/gcc/avr/4.3.3/avr5\libgcc.a(_copy_data.o)
                0x00000060                __do_copy_data
 .init4         0x00000076       0x10 p:/sdk/sdk_win_64/sdk_win_64/winavr/bin/../lib/gcc/avr/4.3.3/avr5\libgcc.a(_clear_bss.o)
                0x00000076                __do_clear_bss
 *(.init4)
 *(.init5)
 *(.init5)
 *(.init6)
 *(.init6)
 *(.init7)
 *(.init7)
 *(.init8)
 *(.init8)
 *(.init9)
 .init9         0x00000086        0x8 p:/sdk/sdk_win_64/sdk_win_64/winavr/bin/../lib/gcc/avr/4.3.3/../../../../avr/lib/avr5/crtm32.o
 *(.init9)
 *(.text)
 .text          0x0000008e        0x4 p:/sdk/sdk_win_64/sdk_win_64/winavr/bin/../lib/gcc/avr/4.3.3/../../../../avr/lib/avr5/crtm32.o
                0x0000008e                __vector_12
                0x0000008e                __bad_interrupt
                0x0000008e                __vector_6
                0x0000008e                __vector_11
                0x0000008e                __vector_13
                0x0000008e                __vector_17
                0x0000008e                __vector_19
                0x0000008e                __vector_7
                0x0000008e                __vector_5
                0x0000008e                __vector_4
                0x0000008e                __vector_9
                0x0000008e                __vector_15
                0x0000008e                __vector_8
                0x0000008e                __vector_14
                0x0000008e                __vector_10
                0x0000008e                __vector_16
                0x0000008e                __vector_18
                0x0000008e                __vector_20
 .text          0x00000092        0x0 ./MCAL/WDT/WDT_Prog.o
 .text          0x00000092        0x0 ./MCAL/UART/UART_Prog.o
 .text          0x00000092        0x0 ./MCAL/Timer/Timer_Prog.o
 .text          0x00000092        0x0 ./MCAL/SPI/SPI_Prog.o
 .text          0x00000092        0x0 ./MCAL/I2C/I2C_prog.o
 .text          0x00000092        0x0 ./MCAL/GIE/GIE_Prog.o
 .text          0x00000092        0x0 ./MCAL/ExtInt/ExtInt_Prog.o
 .text          0x00000092        0x0 ./MCAL/DIO/DIO_Prog.o
 .text          0x00000092        0x0 ./MCAL/ADC/ADC_Prog.o
 .text          0x00000092        0x0 ./HAL/StepperMotor/Stepper_prog.o
 .text          0x00000092        0x0 ./HAL/Servo/Servo_Prog.o
 .text          0x00000092        0x0 ./HAL/SSD/SSD_Prog.o
 .text          0x00000092        0x0 ./HAL/PB/PB_Prog.o
 .text          0x00000092        0x0 ./HAL/LM35/LM35_Prog.o
 .text          0x00000092        0x0 ./HAL/LED/LED_Prog.o
 .text          0x00000092        0x0 ./HAL/LCD/LCD_Prog.o
 .text          0x00000092        0x0 ./HAL/KeyPad/KeyPad_Prog.o
 .text          0x00000092        0x0 ./HAL/DCMotor/DCMotor_Prog.o
 .text          0x00000092        0x0 ./HAL/AT24C16A/AT24C16A_prog.o
 .text          0x00000092        0x0 ./APP/main.o
 .text          0x00000092        0x0 p:/sdk/sdk_win_64/sdk_win_64/winavr/bin/../lib/gcc/avr/4.3.3/avr5\libgcc.a(_mulsi3.o)
 .text          0x00000092        0x0 p:/sdk/sdk_win_64/sdk_win_64/winavr/bin/../lib/gcc/avr/4.3.3/avr5\libgcc.a(_udivmodqi4.o)
 .text          0x00000092        0x0 p:/sdk/sdk_win_64/sdk_win_64/winavr/bin/../lib/gcc/avr/4.3.3/avr5\libgcc.a(_divmodhi4.o)
 .text          0x00000092        0x0 p:/sdk/sdk_win_64/sdk_win_64/winavr/bin/../lib/gcc/avr/4.3.3/avr5\libgcc.a(_udivmodsi4.o)
 .text          0x00000092        0x0 p:/sdk/sdk_win_64/sdk_win_64/winavr/bin/../lib/gcc/avr/4.3.3/avr5\libgcc.a(_divmodsi4.o)
 .text          0x00000092        0x0 p:/sdk/sdk_win_64/sdk_win_64/winavr/bin/../lib/gcc/avr/4.3.3/avr5\libgcc.a(_exit.o)
 .text          0x00000092        0x0 p:/sdk/sdk_win_64/sdk_win_64/winavr/bin/../lib/gcc/avr/4.3.3/avr5\libgcc.a(_copy_data.o)
 .text          0x00000092        0x0 p:/sdk/sdk_win_64/sdk_win_64/winavr/bin/../lib/gcc/avr/4.3.3/avr5\libgcc.a(_clear_bss.o)
 .text          0x00000092       0x58 p:/sdk/sdk_win_64/sdk_win_64/winavr/bin/../lib/gcc/avr/4.3.3/avr5\libgcc.a(_fixunssfsi.o)
                0x00000092                __fixunssfsi
 .text          0x000000ea      0x354 p:/sdk/sdk_win_64/sdk_win_64/winavr/bin/../lib/gcc/avr/4.3.3/avr5\libgcc.a(_addsub_sf.o)
                0x00000382                __subsf3
                0x000003e4                __addsf3
 .text          0x0000043e      0x1f4 p:/sdk/sdk_win_64/sdk_win_64/winavr/bin/../lib/gcc/avr/4.3.3/avr5\libgcc.a(_mul_sf.o)
                0x0000043e                __mulsf3
 .text          0x00000632      0x158 p:/sdk/sdk_win_64/sdk_win_64/winavr/bin/../lib/gcc/avr/4.3.3/avr5\libgcc.a(_div_sf.o)
                0x00000632                __divsf3
 .text          0x0000078a       0x60 p:/sdk/sdk_win_64/sdk_win_64/winavr/bin/../lib/gcc/avr/4.3.3/avr5\libgcc.a(_ge_sf.o)
                0x0000078a                __gesf2
 .text          0x000007ea       0xa8 p:/sdk/sdk_win_64/sdk_win_64/winavr/bin/../lib/gcc/avr/4.3.3/avr5\libgcc.a(_sf_to_si.o)
                0x000007ea                __fixsfsi
 .text          0x00000892        0x0 p:/sdk/sdk_win_64/sdk_win_64/winavr/bin/../lib/gcc/avr/4.3.3/avr5\libgcc.a(_thenan_sf.o)
 .text          0x00000892       0xf2 p:/sdk/sdk_win_64/sdk_win_64/winavr/bin/../lib/gcc/avr/4.3.3/avr5\libgcc.a(_usi_to_sf.o)
                0x00000892                __floatunsisf
 .text          0x00000984        0x0 p:/sdk/sdk_win_64/sdk_win_64/winavr/bin/../lib/gcc/avr/4.3.3/avr5\libgcc.a(_udivmodhi4.o)
 .text          0x00000984        0x0 p:/sdk/sdk_win_64/sdk_win_64/winavr/bin/../lib/gcc/avr/4.3.3/avr5\libgcc.a(_prologue.o)
 .text          0x00000984        0x0 p:/sdk/sdk_win_64/sdk_win_64/winavr/bin/../lib/gcc/avr/4.3.3/avr5\libgcc.a(_epilogue.o)
 .text          0x00000984       0x9e p:/sdk/sdk_win_64/sdk_win_64/winavr/bin/../lib/gcc/avr/4.3.3/avr5\libgcc.a(_clzsi2.o)
                0x00000984                __clzsi2
 .text          0x00000a22      0x1aa p:/sdk/sdk_win_64/sdk_win_64/winavr/bin/../lib/gcc/avr/4.3.3/avr5\libgcc.a(_pack_sf.o)
                0x00000a22                __pack_f
 .text          0x00000bcc       0xf0 p:/sdk/sdk_win_64/sdk_win_64/winavr/bin/../lib/gcc/avr/4.3.3/avr5\libgcc.a(_unpack_sf.o)
                0x00000bcc                __unpack_f
 .text          0x00000cbc       0xb2 p:/sdk/sdk_win_64/sdk_win_64/winavr/bin/../lib/gcc/avr/4.3.3/avr5\libgcc.a(_fpcmp_parts_sf.o)
                0x00000cbc                __fpcmp_parts_f
 .text          0x00000d6e        0x0 p:/sdk/sdk_win_64/sdk_win_64/winavr/bin/../lib/gcc/avr/4.3.3/avr5\libgcc.a(_clz.o)
                0x00000d6e                . = ALIGN (0x2)
 *(.text.*)
 .text.M_WDT_Void_WDTInit
                0x00000d6e       0x1e ./MCAL/WDT/WDT_Prog.o
                0x00000d6e                M_WDT_Void_WDTInit
 .text.M_WDT_Void_WDTRefresh
                0x00000d8c        0x4 ./MCAL/WDT/WDT_Prog.o
                0x00000d8c                M_WDT_Void_WDTRefresh
 .text.M_UART_Void_UARTInit
                0x00000d90       0x20 ./MCAL/UART/UART_Prog.o
                0x00000d90                M_UART_Void_UARTInit
 .text.M_UART_Void_UARTSend
                0x00000db0        0xe ./MCAL/UART/UART_Prog.o
                0x00000db0                M_UART_Void_UARTSend
 .text.M_UART_Void_UARTRec
                0x00000dbe        0xe ./MCAL/UART/UART_Prog.o
                0x00000dbe                M_UART_Void_UARTRec
 .text.M_Timer_Void_TimerInit
                0x00000dcc        0x2 ./MCAL/Timer/Timer_Prog.o
                0x00000dcc                M_Timer_Void_TimerInit
 .text.M_Timer_Void_TimerSetTime
                0x00000dce        0x2 ./MCAL/Timer/Timer_Prog.o
                0x00000dce                M_Timer_Void_TimerSetTime
 .text.M_Timer_Void_TimerStart
                0x00000dd0       0x3a ./MCAL/Timer/Timer_Prog.o
                0x00000dd0                M_Timer_Void_TimerStart
 .text.M_Timer_Void_TimerStop
                0x00000e0a       0x3a ./MCAL/Timer/Timer_Prog.o
                0x00000e0a                M_Timer_Void_TimerStop
 .text.M_Timer_Void_PWMSetDutyCycle
                0x00000e44       0x84 ./MCAL/Timer/Timer_Prog.o
                0x00000e44                M_Timer_Void_PWMSetDutyCycle
 .text.M_Timer_Void_PWMStart
                0x00000ec8        0x6 ./MCAL/Timer/Timer_Prog.o
                0x00000ec8                M_Timer_Void_PWMStart
 .text.M_Timer_Void_PWMStop
                0x00000ece        0x6 ./MCAL/Timer/Timer_Prog.o
                0x00000ece                M_Timer_Void_PWMStop
 .text.M_Timer_Void_SetCallBack
                0x00000ed4        0xa ./MCAL/Timer/Timer_Prog.o
                0x00000ed4                M_Timer_Void_SetCallBack
 .text.M_Timer_Void_PWMInit
                0x00000ede       0x6e ./MCAL/Timer/Timer_Prog.o
                0x00000ede                M_Timer_Void_PWMInit
 .text.M_SPI_U8_SPITransive
                0x00000f4c       0x10 ./MCAL/SPI/SPI_Prog.o
                0x00000f4c                M_SPI_U8_SPITransive
 .text.M_SPI_Void_SPIInit
                0x00000f5c       0x38 ./MCAL/SPI/SPI_Prog.o
                0x00000f5c                M_SPI_Void_SPIInit
 .text.M_I2C_vid_I2CInit
                0x00000f94       0x10 ./MCAL/I2C/I2C_prog.o
                0x00000f94                M_I2C_vid_I2CInit
 .text.M_I2C_vid_I2CStartCondition
                0x00000fa4       0x24 ./MCAL/I2C/I2C_prog.o
                0x00000fa4                M_I2C_vid_I2CStartCondition
 .text.M_I2C_vid_I2CStopCondition
                0x00000fc8       0x12 ./MCAL/I2C/I2C_prog.o
                0x00000fc8                M_I2C_vid_I2CStopCondition
 .text.M_I2C_vid_I2CRepeatCondition
                0x00000fda       0x18 ./MCAL/I2C/I2C_prog.o
                0x00000fda                M_I2C_vid_I2CRepeatCondition
 .text.M_I2C_vid_I2CSendSlaveAddressWrite
                0x00000ff2       0x16 ./MCAL/I2C/I2C_prog.o
                0x00000ff2                M_I2C_vid_I2CSendSlaveAddressWrite
 .text.M_I2C_vid_I2CSendSlaveAddressRead
                0x00001008       0x1e ./MCAL/I2C/I2C_prog.o
                0x00001008                M_I2C_vid_I2CSendSlaveAddressRead
 .text.M_I2C_vid_I2CSendByte
                0x00001026       0x46 ./MCAL/I2C/I2C_prog.o
                0x00001026                M_I2C_vid_I2CSendByte
 .text.M_I2C_vid_I2CReadByte
                0x0000106c       0x1a ./MCAL/I2C/I2C_prog.o
                0x0000106c                M_I2C_vid_I2CReadByte
 .text.M_GIE_Void_GlobalInterruptEnable
                0x00001086        0xc ./MCAL/GIE/GIE_Prog.o
                0x00001086                M_GIE_Void_GlobalInterruptEnable
 .text.M_GIE_Void_GlobalInterruptDisable
                0x00001092        0xc ./MCAL/GIE/GIE_Prog.o
                0x00001092                M_GIE_Void_GlobalInterruptDisable
 .text.M_ExtInt_Void_ExtIntInit
                0x0000109e       0x20 ./MCAL/ExtInt/ExtInt_Prog.o
                0x0000109e                M_ExtInt_Void_ExtIntInit
 .text.M_ExtInt_Void_SetCallBack
                0x000010be       0x2c ./MCAL/ExtInt/ExtInt_Prog.o
                0x000010be                M_ExtInt_Void_SetCallBack
 .text.__vector_1
                0x000010ea       0x4e ./MCAL/ExtInt/ExtInt_Prog.o
                0x000010ea                __vector_1
 .text.__vector_2
                0x00001138       0x4e ./MCAL/ExtInt/ExtInt_Prog.o
                0x00001138                __vector_2
 .text.__vector_3
                0x00001186       0x4e ./MCAL/ExtInt/ExtInt_Prog.o
                0x00001186                __vector_3
 .text.M_DIO_Void_SetPinDirection
                0x000011d4      0x12a ./MCAL/DIO/DIO_Prog.o
                0x000011d4                M_DIO_Void_SetPinDirection
 .text.M_DIO_Void_SetPinValue
                0x000012fe      0x12a ./MCAL/DIO/DIO_Prog.o
                0x000012fe                M_DIO_Void_SetPinValue
 .text.M_DIO_Void_GetPinValue
                0x00001428       0x72 ./MCAL/DIO/DIO_Prog.o
                0x00001428                M_DIO_Void_GetPinValue
 .text.M_DIO_Void_TogPin
                0x0000149a       0x90 ./MCAL/DIO/DIO_Prog.o
                0x0000149a                M_DIO_Void_TogPin
 .text.M_DIO_Void_SetPinPullUpRes
                0x0000152a      0x12a ./MCAL/DIO/DIO_Prog.o
                0x0000152a                M_DIO_Void_SetPinPullUpRes
 .text.M_ADC_Void_ADCInit
                0x00001654       0x40 ./MCAL/ADC/ADC_Prog.o
                0x00001654                M_ADC_Void_ADCInit
 .text.M_ADC_Void_ADCRead
                0x00001694       0x40 ./MCAL/ADC/ADC_Prog.o
                0x00001694                M_ADC_Void_ADCRead
 .text.H_StepperMotor_vid_StepperStart
                0x000016d4       0xa6 ./HAL/StepperMotor/Stepper_prog.o
                0x000016d4                H_StepperMotor_vid_StepperStart
 .text.H_StepperMotor_vid_StepperInit
                0x0000177a       0x22 ./HAL/StepperMotor/Stepper_prog.o
                0x0000177a                H_StepperMotor_vid_StepperInit
 .text.H_Servo_Void_ServoStop
                0x0000179c        0x8 ./HAL/Servo/Servo_Prog.o
                0x0000179c                H_Servo_Void_ServoStop
 .text.H_Servo_Void_ServoStart
                0x000017a4        0x8 ./HAL/Servo/Servo_Prog.o
                0x000017a4                H_Servo_Void_ServoStart
 .text.H_Servo_Void_ServoSetAngel
                0x000017ac       0x3e ./HAL/Servo/Servo_Prog.o
                0x000017ac                H_Servo_Void_ServoSetAngel
 .text.H_Servo_Void_ServoInit
                0x000017ea        0x8 ./HAL/Servo/Servo_Prog.o
                0x000017ea                H_Servo_Void_ServoInit
 .text.H_SSD_Void_SSDDisplay
                0x000017f2      0x10c ./HAL/SSD/SSD_Prog.o
                0x000017f2                H_SSD_Void_SSDDisplay
 .text.H_SSD_Void_SSDInit
                0x000018fe       0x32 ./HAL/SSD/SSD_Prog.o
                0x000018fe                H_SSD_Void_SSDInit
 .text.H_PB_U8_PBRead
                0x00001930       0xb8 ./HAL/PB/PB_Prog.o
                0x00001930                H_PB_U8_PBRead
 .text.H_PB_Void_PBInit
                0x000019e8       0x2c ./HAL/PB/PB_Prog.o
                0x000019e8                H_PB_Void_PBInit
 .text.H_LM35_U16_LM35Read
                0x00001a14       0x2c ./HAL/LM35/LM35_Prog.o
                0x00001a14                H_LM35_U16_LM35Read
 .text.H_LM35_Void_LM35Init
                0x00001a40        0x6 ./HAL/LM35/LM35_Prog.o
                0x00001a40                H_LM35_Void_LM35Init
 .text.H_LED_Void_LedTog
                0x00001a46       0x26 ./HAL/LED/LED_Prog.o
                0x00001a46                H_LED_Void_LedTog
 .text.H_LED_Void_LedBlink
                0x00001a6c       0x82 ./HAL/LED/LED_Prog.o
                0x00001a6c                H_LED_Void_LedBlink
 .text.H_LED_Void_LedOff
                0x00001aee       0x2c ./HAL/LED/LED_Prog.o
                0x00001aee                H_LED_Void_LedOff
 .text.H_LED_Void_LedOn
                0x00001b1a       0x2c ./HAL/LED/LED_Prog.o
                0x00001b1a                H_LED_Void_LedOn
 .text.H_LED_Void_LedInit
                0x00001b46       0x2c ./HAL/LED/LED_Prog.o
                0x00001b46                H_LED_Void_LedInit
 .text.H_Lcd_Void_LCDWriteCommand
                0x00001b72       0xd0 ./HAL/LCD/LCD_Prog.o
                0x00001b72                H_Lcd_Void_LCDWriteCommand
 .text.H_Lcd_Void_LCDGoTo
                0x00001c42       0x2a ./HAL/LCD/LCD_Prog.o
                0x00001c42                H_Lcd_Void_LCDGoTo
 .text.H_Lcd_Void_LCDClear
                0x00001c6c        0x8 ./HAL/LCD/LCD_Prog.o
                0x00001c6c                H_Lcd_Void_LCDClear
 .text.H_Lcd_Void_LCDWriteCharacter
                0x00001c74       0xd0 ./HAL/LCD/LCD_Prog.o
                0x00001c74                H_Lcd_Void_LCDWriteCharacter
 .text.H_Lcd_Void_LCDWriteNumber
                0x00001d44       0xea ./HAL/LCD/LCD_Prog.o
                0x00001d44                H_Lcd_Void_LCDWriteNumber
 .text.H_Lcd_Void_LCDWriteString
                0x00001e2e       0x2a ./HAL/LCD/LCD_Prog.o
                0x00001e2e                H_Lcd_Void_LCDWriteString
 .text.H_Lcd_Void_LCDInit
                0x00001e58       0x66 ./HAL/LCD/LCD_Prog.o
                0x00001e58                H_Lcd_Void_LCDInit
 .text.H_KeyPad_U8_KeyPadRead
                0x00001ebe      0x10a ./HAL/KeyPad/KeyPad_Prog.o
                0x00001ebe                H_KeyPad_U8_KeyPadRead
 .text.H_KeyPad_Void_KeyPadInit
                0x00001fc8       0x82 ./HAL/KeyPad/KeyPad_Prog.o
                0x00001fc8                H_KeyPad_Void_KeyPadInit
 .text.H_DCMotor_Void_DCMotorStop
                0x0000204a        0x8 ./HAL/DCMotor/DCMotor_Prog.o
                0x0000204a                H_DCMotor_Void_DCMotorStop
 .text.H_DCMotor_Void_DCMotorStart
                0x00002052        0x8 ./HAL/DCMotor/DCMotor_Prog.o
                0x00002052                H_DCMotor_Void_DCMotorStart
 .text.H_DCMotor_Void_DCMotorSetSpeed
                0x0000205a       0x1a ./HAL/DCMotor/DCMotor_Prog.o
                0x0000205a                H_DCMotor_Void_DCMotorSetSpeed
 .text.H_DCMotor_Void_DCMotorSetDirection
                0x00002074       0x2e ./HAL/DCMotor/DCMotor_Prog.o
                0x00002074                H_DCMotor_Void_DCMotorSetDirection
 .text.H_DCMotor_Void_DCMotorInit
                0x000020a2       0x18 ./HAL/DCMotor/DCMotor_Prog.o
                0x000020a2                H_DCMotor_Void_DCMotorInit
 .text.H_AT24C16A_vid_EEPROMRead
                0x000020ba       0x36 ./HAL/AT24C16A/AT24C16A_prog.o
                0x000020ba                H_AT24C16A_vid_EEPROMRead
 .text.H_AT24C16A_vid_EEPROMWrite
                0x000020f0       0x30 ./HAL/AT24C16A/AT24C16A_prog.o
                0x000020f0                H_AT24C16A_vid_EEPROMWrite
 .text.H_AT24C16A_vid_EEPROMInit
                0x00002120        0x6 ./HAL/AT24C16A/AT24C16A_prog.o
                0x00002120                H_AT24C16A_vid_EEPROMInit
 .text.A_Main_LCDPWMDrawer
                0x00002126      0x182 ./APP/main.o
                0x00002126                A_Main_LCDPWMDrawer
 .text.A_Main_void_KeypadAsSource
                0x000022a8       0xce ./APP/main.o
                0x000022a8                A_Main_void_KeypadAsSource
 .text.A_Main_void_MineMicro
                0x00002376       0x2e ./APP/main.o
                0x00002376                A_Main_void_MineMicro
 .text.A_Main_void_PoteniAsSource
                0x000023a4       0xa8 ./APP/main.o
                0x000023a4                A_Main_void_PoteniAsSource
 .text.A_Main_void_ExternalMicro
                0x0000244c       0x70 ./APP/main.o
                0x0000244c                A_Main_void_ExternalMicro
 .text.main     0x000024bc      0x182 ./APP/main.o
                0x000024bc                main
 .text.libgcc   0x0000263e       0x3e p:/sdk/sdk_win_64/sdk_win_64/winavr/bin/../lib/gcc/avr/4.3.3/avr5\libgcc.a(_mulsi3.o)
                0x0000263e                __mulsi3
 .text.libgcc   0x0000267c       0x18 p:/sdk/sdk_win_64/sdk_win_64/winavr/bin/../lib/gcc/avr/4.3.3/avr5\libgcc.a(_udivmodqi4.o)
                0x0000267c                __udivmodqi4
 .text.libgcc   0x00002694       0x26 p:/sdk/sdk_win_64/sdk_win_64/winavr/bin/../lib/gcc/avr/4.3.3/avr5\libgcc.a(_divmodhi4.o)
                0x00002694                __divmodhi4
                0x00002694                _div
 .text.libgcc   0x000026ba       0x44 p:/sdk/sdk_win_64/sdk_win_64/winavr/bin/../lib/gcc/avr/4.3.3/avr5\libgcc.a(_udivmodsi4.o)
                0x000026ba                __udivmodsi4
 .text.libgcc   0x000026fe       0x36 p:/sdk/sdk_win_64/sdk_win_64/winavr/bin/../lib/gcc/avr/4.3.3/avr5\libgcc.a(_divmodsi4.o)
                0x000026fe                __divmodsi4
 .text.libgcc   0x00002734        0x0 p:/sdk/sdk_win_64/sdk_win_64/winavr/bin/../lib/gcc/avr/4.3.3/avr5\libgcc.a(_exit.o)
 .text.libgcc   0x00002734        0x0 p:/sdk/sdk_win_64/sdk_win_64/winavr/bin/../lib/gcc/avr/4.3.3/avr5\libgcc.a(_copy_data.o)
 .text.libgcc   0x00002734        0x0 p:/sdk/sdk_win_64/sdk_win_64/winavr/bin/../lib/gcc/avr/4.3.3/avr5\libgcc.a(_clear_bss.o)
 .text.libgcc   0x00002734       0x28 p:/sdk/sdk_win_64/sdk_win_64/winavr/bin/../lib/gcc/avr/4.3.3/avr5\libgcc.a(_udivmodhi4.o)
                0x00002734                __udivmodhi4
 .text.libgcc   0x0000275c       0x38 p:/sdk/sdk_win_64/sdk_win_64/winavr/bin/../lib/gcc/avr/4.3.3/avr5\libgcc.a(_prologue.o)
                0x0000275c                __prologue_saves__
 .text.libgcc   0x00002794       0x36 p:/sdk/sdk_win_64/sdk_win_64/winavr/bin/../lib/gcc/avr/4.3.3/avr5\libgcc.a(_epilogue.o)
                0x00002794                __epilogue_restores__
                0x000027ca                . = ALIGN (0x2)
 *(.fini9)
 .fini9         0x000027ca        0x0 p:/sdk/sdk_win_64/sdk_win_64/winavr/bin/../lib/gcc/avr/4.3.3/avr5\libgcc.a(_exit.o)
                0x000027ca                exit
                0x000027ca                _exit
 *(.fini9)
 *(.fini8)
 *(.fini8)
 *(.fini7)
 *(.fini7)
 *(.fini6)
 *(.fini6)
 *(.fini5)
 *(.fini5)
 *(.fini4)
 *(.fini4)
 *(.fini3)
 *(.fini3)
 *(.fini2)
 *(.fini2)
 *(.fini1)
 *(.fini1)
 *(.fini0)
 .fini0         0x000027ca        0x4 p:/sdk/sdk_win_64/sdk_win_64/winavr/bin/../lib/gcc/avr/4.3.3/avr5\libgcc.a(_exit.o)
 *(.fini0)
                0x000027ce                _etext = .

.data           0x00800060      0x1da load address 0x000027ce
                0x00800060                PROVIDE (__data_start, .)
 *(.data)
 .data          0x00800060        0x0 p:/sdk/sdk_win_64/sdk_win_64/winavr/bin/../lib/gcc/avr/4.3.3/../../../../avr/lib/avr5/crtm32.o
 .data          0x00800060        0x0 ./MCAL/WDT/WDT_Prog.o
 .data          0x00800060        0x0 ./MCAL/UART/UART_Prog.o
 .data          0x00800060        0x0 ./MCAL/Timer/Timer_Prog.o
 .data          0x00800060        0x0 ./MCAL/SPI/SPI_Prog.o
 .data          0x00800060        0x0 ./MCAL/I2C/I2C_prog.o
 .data          0x00800060        0x0 ./MCAL/GIE/GIE_Prog.o
 .data          0x00800060        0x0 ./MCAL/ExtInt/ExtInt_Prog.o
 .data          0x00800060        0x0 ./MCAL/DIO/DIO_Prog.o
 .data          0x00800060        0x0 ./MCAL/ADC/ADC_Prog.o
 .data          0x00800060        0x0 ./HAL/StepperMotor/Stepper_prog.o
 .data          0x00800060        0x0 ./HAL/Servo/Servo_Prog.o
 .data          0x00800060        0x0 ./HAL/SSD/SSD_Prog.o
 .data          0x00800060        0x0 ./HAL/PB/PB_Prog.o
 .data          0x00800060        0x0 ./HAL/LM35/LM35_Prog.o
 .data          0x00800060        0x0 ./HAL/LED/LED_Prog.o
 .data          0x00800060        0x0 ./HAL/LCD/LCD_Prog.o
 .data          0x00800060        0x0 ./HAL/KeyPad/KeyPad_Prog.o
 .data          0x00800060        0x0 ./HAL/DCMotor/DCMotor_Prog.o
 .data          0x00800060        0x0 ./HAL/AT24C16A/AT24C16A_prog.o
 .data          0x00800060       0xc1 ./APP/main.o
 .data          0x00800121        0x0 p:/sdk/sdk_win_64/sdk_win_64/winavr/bin/../lib/gcc/avr/4.3.3/avr5\libgcc.a(_mulsi3.o)
 .data          0x00800121        0x0 p:/sdk/sdk_win_64/sdk_win_64/winavr/bin/../lib/gcc/avr/4.3.3/avr5\libgcc.a(_udivmodqi4.o)
 .data          0x00800121        0x0 p:/sdk/sdk_win_64/sdk_win_64/winavr/bin/../lib/gcc/avr/4.3.3/avr5\libgcc.a(_divmodhi4.o)
 .data          0x00800121        0x0 p:/sdk/sdk_win_64/sdk_win_64/winavr/bin/../lib/gcc/avr/4.3.3/avr5\libgcc.a(_udivmodsi4.o)
 .data          0x00800121        0x0 p:/sdk/sdk_win_64/sdk_win_64/winavr/bin/../lib/gcc/avr/4.3.3/avr5\libgcc.a(_divmodsi4.o)
 .data          0x00800121        0x0 p:/sdk/sdk_win_64/sdk_win_64/winavr/bin/../lib/gcc/avr/4.3.3/avr5\libgcc.a(_exit.o)
 .data          0x00800121        0x0 p:/sdk/sdk_win_64/sdk_win_64/winavr/bin/../lib/gcc/avr/4.3.3/avr5\libgcc.a(_copy_data.o)
 .data          0x00800121        0x0 p:/sdk/sdk_win_64/sdk_win_64/winavr/bin/../lib/gcc/avr/4.3.3/avr5\libgcc.a(_clear_bss.o)
 .data          0x00800121        0x0 p:/sdk/sdk_win_64/sdk_win_64/winavr/bin/../lib/gcc/avr/4.3.3/avr5\libgcc.a(_fixunssfsi.o)
 .data          0x00800121        0x0 p:/sdk/sdk_win_64/sdk_win_64/winavr/bin/../lib/gcc/avr/4.3.3/avr5\libgcc.a(_addsub_sf.o)
 .data          0x00800121        0x0 p:/sdk/sdk_win_64/sdk_win_64/winavr/bin/../lib/gcc/avr/4.3.3/avr5\libgcc.a(_mul_sf.o)
 .data          0x00800121        0x0 p:/sdk/sdk_win_64/sdk_win_64/winavr/bin/../lib/gcc/avr/4.3.3/avr5\libgcc.a(_div_sf.o)
 .data          0x00800121        0x0 p:/sdk/sdk_win_64/sdk_win_64/winavr/bin/../lib/gcc/avr/4.3.3/avr5\libgcc.a(_ge_sf.o)
 .data          0x00800121        0x0 p:/sdk/sdk_win_64/sdk_win_64/winavr/bin/../lib/gcc/avr/4.3.3/avr5\libgcc.a(_sf_to_si.o)
 .data          0x00800121        0x8 p:/sdk/sdk_win_64/sdk_win_64/winavr/bin/../lib/gcc/avr/4.3.3/avr5\libgcc.a(_thenan_sf.o)
                0x00800121                __thenan_sf
 .data          0x00800129        0x0 p:/sdk/sdk_win_64/sdk_win_64/winavr/bin/../lib/gcc/avr/4.3.3/avr5\libgcc.a(_usi_to_sf.o)
 .data          0x00800129        0x0 p:/sdk/sdk_win_64/sdk_win_64/winavr/bin/../lib/gcc/avr/4.3.3/avr5\libgcc.a(_udivmodhi4.o)
 .data          0x00800129        0x0 p:/sdk/sdk_win_64/sdk_win_64/winavr/bin/../lib/gcc/avr/4.3.3/avr5\libgcc.a(_prologue.o)
 .data          0x00800129        0x0 p:/sdk/sdk_win_64/sdk_win_64/winavr/bin/../lib/gcc/avr/4.3.3/avr5\libgcc.a(_epilogue.o)
 .data          0x00800129        0x0 p:/sdk/sdk_win_64/sdk_win_64/winavr/bin/../lib/gcc/avr/4.3.3/avr5\libgcc.a(_clzsi2.o)
 .data          0x00800129        0x0 p:/sdk/sdk_win_64/sdk_win_64/winavr/bin/../lib/gcc/avr/4.3.3/avr5\libgcc.a(_pack_sf.o)
 .data          0x00800129        0x0 p:/sdk/sdk_win_64/sdk_win_64/winavr/bin/../lib/gcc/avr/4.3.3/avr5\libgcc.a(_unpack_sf.o)
 .data          0x00800129        0x0 p:/sdk/sdk_win_64/sdk_win_64/winavr/bin/../lib/gcc/avr/4.3.3/avr5\libgcc.a(_fpcmp_parts_sf.o)
 .data          0x00800129      0x100 p:/sdk/sdk_win_64/sdk_win_64/winavr/bin/../lib/gcc/avr/4.3.3/avr5\libgcc.a(_clz.o)
                0x00800129                __clz_tab
 *(.data*)
 *(.rodata)
 *(.rodata*)
 .rodata.C.0.1280
                0x00800229       0x10 ./HAL/KeyPad/KeyPad_Prog.o
 *(.gnu.linkonce.d*)
                0x0080023a                . = ALIGN (0x2)
 *fill*         0x00800239        0x1 00
                0x0080023a                _edata = .
                0x0080023a                PROVIDE (__data_end, .)

.bss            0x0080023a       0x11
                0x0080023a                PROVIDE (__bss_start, .)
 *(.bss)
 .bss           0x0080023a        0x0 p:/sdk/sdk_win_64/sdk_win_64/winavr/bin/../lib/gcc/avr/4.3.3/../../../../avr/lib/avr5/crtm32.o
 .bss           0x0080023a        0x0 ./MCAL/WDT/WDT_Prog.o
 .bss           0x0080023a        0x0 ./MCAL/UART/UART_Prog.o
 .bss           0x0080023a        0x0 ./MCAL/Timer/Timer_Prog.o
 .bss           0x0080023a        0x0 ./MCAL/SPI/SPI_Prog.o
 .bss           0x0080023a        0x0 ./MCAL/I2C/I2C_prog.o
 .bss           0x0080023a        0x0 ./MCAL/GIE/GIE_Prog.o
 .bss           0x0080023a        0x0 ./MCAL/ExtInt/ExtInt_Prog.o
 .bss           0x0080023a        0x0 ./MCAL/DIO/DIO_Prog.o
 .bss           0x0080023a        0x0 ./MCAL/ADC/ADC_Prog.o
 .bss           0x0080023a        0x0 ./HAL/StepperMotor/Stepper_prog.o
 .bss           0x0080023a        0x0 ./HAL/Servo/Servo_Prog.o
 .bss           0x0080023a        0x0 ./HAL/SSD/SSD_Prog.o
 .bss           0x0080023a        0x0 ./HAL/PB/PB_Prog.o
 .bss           0x0080023a        0x0 ./HAL/LM35/LM35_Prog.o
 .bss           0x0080023a        0x0 ./HAL/LED/LED_Prog.o
 .bss           0x0080023a        0x0 ./HAL/LCD/LCD_Prog.o
 .bss           0x0080023a        0x0 ./HAL/KeyPad/KeyPad_Prog.o
 .bss           0x0080023a        0x0 ./HAL/DCMotor/DCMotor_Prog.o
 .bss           0x0080023a        0x0 ./HAL/AT24C16A/AT24C16A_prog.o
 .bss           0x0080023a        0x0 ./APP/main.o
 .bss           0x0080023a        0x0 p:/sdk/sdk_win_64/sdk_win_64/winavr/bin/../lib/gcc/avr/4.3.3/avr5\libgcc.a(_mulsi3.o)
 .bss           0x0080023a        0x0 p:/sdk/sdk_win_64/sdk_win_64/winavr/bin/../lib/gcc/avr/4.3.3/avr5\libgcc.a(_udivmodqi4.o)
 .bss           0x0080023a        0x0 p:/sdk/sdk_win_64/sdk_win_64/winavr/bin/../lib/gcc/avr/4.3.3/avr5\libgcc.a(_divmodhi4.o)
 .bss           0x0080023a        0x0 p:/sdk/sdk_win_64/sdk_win_64/winavr/bin/../lib/gcc/avr/4.3.3/avr5\libgcc.a(_udivmodsi4.o)
 .bss           0x0080023a        0x0 p:/sdk/sdk_win_64/sdk_win_64/winavr/bin/../lib/gcc/avr/4.3.3/avr5\libgcc.a(_divmodsi4.o)
 .bss           0x0080023a        0x0 p:/sdk/sdk_win_64/sdk_win_64/winavr/bin/../lib/gcc/avr/4.3.3/avr5\libgcc.a(_exit.o)
 .bss           0x0080023a        0x0 p:/sdk/sdk_win_64/sdk_win_64/winavr/bin/../lib/gcc/avr/4.3.3/avr5\libgcc.a(_copy_data.o)
 .bss           0x0080023a        0x0 p:/sdk/sdk_win_64/sdk_win_64/winavr/bin/../lib/gcc/avr/4.3.3/avr5\libgcc.a(_clear_bss.o)
 .bss           0x0080023a        0x0 p:/sdk/sdk_win_64/sdk_win_64/winavr/bin/../lib/gcc/avr/4.3.3/avr5\libgcc.a(_fixunssfsi.o)
 .bss           0x0080023a        0x0 p:/sdk/sdk_win_64/sdk_win_64/winavr/bin/../lib/gcc/avr/4.3.3/avr5\libgcc.a(_addsub_sf.o)
 .bss           0x0080023a        0x0 p:/sdk/sdk_win_64/sdk_win_64/winavr/bin/../lib/gcc/avr/4.3.3/avr5\libgcc.a(_mul_sf.o)
 .bss           0x0080023a        0x0 p:/sdk/sdk_win_64/sdk_win_64/winavr/bin/../lib/gcc/avr/4.3.3/avr5\libgcc.a(_div_sf.o)
 .bss           0x0080023a        0x0 p:/sdk/sdk_win_64/sdk_win_64/winavr/bin/../lib/gcc/avr/4.3.3/avr5\libgcc.a(_ge_sf.o)
 .bss           0x0080023a        0x0 p:/sdk/sdk_win_64/sdk_win_64/winavr/bin/../lib/gcc/avr/4.3.3/avr5\libgcc.a(_sf_to_si.o)
 .bss           0x0080023a        0x0 p:/sdk/sdk_win_64/sdk_win_64/winavr/bin/../lib/gcc/avr/4.3.3/avr5\libgcc.a(_thenan_sf.o)
 .bss           0x0080023a        0x0 p:/sdk/sdk_win_64/sdk_win_64/winavr/bin/../lib/gcc/avr/4.3.3/avr5\libgcc.a(_usi_to_sf.o)
 .bss           0x0080023a        0x0 p:/sdk/sdk_win_64/sdk_win_64/winavr/bin/../lib/gcc/avr/4.3.3/avr5\libgcc.a(_udivmodhi4.o)
 .bss           0x0080023a        0x0 p:/sdk/sdk_win_64/sdk_win_64/winavr/bin/../lib/gcc/avr/4.3.3/avr5\libgcc.a(_prologue.o)
 .bss           0x0080023a        0x0 p:/sdk/sdk_win_64/sdk_win_64/winavr/bin/../lib/gcc/avr/4.3.3/avr5\libgcc.a(_epilogue.o)
 .bss           0x0080023a        0x0 p:/sdk/sdk_win_64/sdk_win_64/winavr/bin/../lib/gcc/avr/4.3.3/avr5\libgcc.a(_clzsi2.o)
 .bss           0x0080023a        0x0 p:/sdk/sdk_win_64/sdk_win_64/winavr/bin/../lib/gcc/avr/4.3.3/avr5\libgcc.a(_pack_sf.o)
 .bss           0x0080023a        0x0 p:/sdk/sdk_win_64/sdk_win_64/winavr/bin/../lib/gcc/avr/4.3.3/avr5\libgcc.a(_unpack_sf.o)
 .bss           0x0080023a        0x0 p:/sdk/sdk_win_64/sdk_win_64/winavr/bin/../lib/gcc/avr/4.3.3/avr5\libgcc.a(_fpcmp_parts_sf.o)
 .bss           0x0080023a        0x0 p:/sdk/sdk_win_64/sdk_win_64/winavr/bin/../lib/gcc/avr/4.3.3/avr5\libgcc.a(_clz.o)
 *(.bss*)
 .bss.Timer_U32_NumOfOV
                0x0080023a        0x4 ./MCAL/Timer/Timer_Prog.o
                0x0080023a                Timer_U32_NumOfOV
 .bss.Timer_U32_NumOfCM
                0x0080023e        0x4 ./MCAL/Timer/Timer_Prog.o
                0x0080023e                Timer_U32_NumOfCM
 .bss.Timer_U8_RemTicks
                0x00800242        0x1 ./MCAL/Timer/Timer_Prog.o
                0x00800242                Timer_U8_RemTicks
 *(COMMON)
 COMMON         0x00800243        0x2 ./MCAL/Timer/Timer_Prog.o
                0x00800243                Timer_CallBack
 COMMON         0x00800245        0x6 ./MCAL/ExtInt/ExtInt_Prog.o
                0x00800245                ExtInt1_CallBack
                0x00800247                ExtInt2_CallBack
                0x00800249                ExtInt0_CallBack
                0x0080024b                PROVIDE (__bss_end, .)
                0x000027ce                __data_load_start = LOADADDR (.data)
                0x000029a8                __data_load_end = (__data_load_start + SIZEOF (.data))

.noinit         0x0080024b        0x0
                0x0080024b                PROVIDE (__noinit_start, .)
 *(.noinit*)
                0x0080024b                PROVIDE (__noinit_end, .)
                0x0080024b                _end = .
                0x0080024b                PROVIDE (__heap_start, .)

.eeprom         0x00810000        0x0
 *(.eeprom*)
                0x00810000                __eeprom_end = .

.fuse
 *(.fuse)
 *(.lfuse)
 *(.hfuse)
 *(.efuse)

.lock
 *(.lock*)

.signature
 *(.signature*)

.stab           0x00000000     0x4ca4
 *(.stab)
 .stab          0x00000000      0x1d4 ./MCAL/WDT/WDT_Prog.o
 .stab          0x000001d4      0x1e0 ./MCAL/UART/UART_Prog.o
                                0x24c (size before relaxing)
 .stab          0x000003b4      0x654 ./MCAL/Timer/Timer_Prog.o
                                0x6c0 (size before relaxing)
 .stab          0x00000a08      0x210 ./MCAL/SPI/SPI_Prog.o
                                0x3fc (size before relaxing)
 .stab          0x00000c18      0x3b4 ./MCAL/I2C/I2C_prog.o
                                0x420 (size before relaxing)
 .stab          0x00000fcc      0x15c ./MCAL/GIE/GIE_Prog.o
                                0x1c8 (size before relaxing)
 .stab          0x00001128      0x2ac ./MCAL/ExtInt/ExtInt_Prog.o
                                0x4d4 (size before relaxing)
 .stab          0x000013d4      0x528 ./MCAL/DIO/DIO_Prog.o
                                0x594 (size before relaxing)
 .stab          0x000018fc      0x21c ./MCAL/ADC/ADC_Prog.o
                                0x288 (size before relaxing)
 .stab          0x00001b18      0x30c ./HAL/StepperMotor/Stepper_prog.o
                                0x510 (size before relaxing)
 .stab          0x00001e24      0x228 ./HAL/Servo/Servo_Prog.o
                                0x450 (size before relaxing)
 .stab          0x0000204c      0x384 ./HAL/SSD/SSD_Prog.o
                                0x588 (size before relaxing)
 .stab          0x000023d0      0x3f0 ./HAL/PB/PB_Prog.o
                                0x5e8 (size before relaxing)
 .stab          0x000027c0      0x15c ./HAL/LM35/LM35_Prog.o
                                0x1c8 (size before relaxing)
 .stab          0x0000291c      0x498 ./HAL/LED/LED_Prog.o
                                0x690 (size before relaxing)
 .stab          0x00002db4      0x6b4 ./HAL/LCD/LCD_Prog.o
                                0x8ac (size before relaxing)
 .stab          0x00003468      0x414 ./HAL/KeyPad/KeyPad_Prog.o
                                0x618 (size before relaxing)
 .stab          0x0000387c      0x294 ./HAL/DCMotor/DCMotor_Prog.o
                                0x4c8 (size before relaxing)
 .stab          0x00003b10      0x27c ./HAL/AT24C16A/AT24C16A_prog.o
                                0x2e8 (size before relaxing)
 .stab          0x00003d8c      0xf18 ./APP/main.o
                               0x1164 (size before relaxing)

.stabstr        0x00000000     0x1e2e
 *(.stabstr)
 .stabstr       0x00000000     0x1e2e ./MCAL/WDT/WDT_Prog.o

.stab.excl
 *(.stab.excl)

.stab.exclstr
 *(.stab.exclstr)

.stab.index
 *(.stab.index)

.stab.indexstr
 *(.stab.indexstr)

.comment
 *(.comment)

.debug
 *(.debug)

.line
 *(.line)

.debug_srcinfo
 *(.debug_srcinfo)

.debug_sfnames
 *(.debug_sfnames)

.debug_aranges  0x00000000      0x160
 *(.debug_aranges)
 .debug_aranges
                0x00000000       0x20 p:/sdk/sdk_win_64/sdk_win_64/winavr/bin/../lib/gcc/avr/4.3.3/avr5\libgcc.a(_fixunssfsi.o)
 .debug_aranges
                0x00000020       0x20 p:/sdk/sdk_win_64/sdk_win_64/winavr/bin/../lib/gcc/avr/4.3.3/avr5\libgcc.a(_addsub_sf.o)
 .debug_aranges
                0x00000040       0x20 p:/sdk/sdk_win_64/sdk_win_64/winavr/bin/../lib/gcc/avr/4.3.3/avr5\libgcc.a(_mul_sf.o)
 .debug_aranges
                0x00000060       0x20 p:/sdk/sdk_win_64/sdk_win_64/winavr/bin/../lib/gcc/avr/4.3.3/avr5\libgcc.a(_div_sf.o)
 .debug_aranges
                0x00000080       0x20 p:/sdk/sdk_win_64/sdk_win_64/winavr/bin/../lib/gcc/avr/4.3.3/avr5\libgcc.a(_ge_sf.o)
 .debug_aranges
                0x000000a0       0x20 p:/sdk/sdk_win_64/sdk_win_64/winavr/bin/../lib/gcc/avr/4.3.3/avr5\libgcc.a(_sf_to_si.o)
 .debug_aranges
                0x000000c0       0x20 p:/sdk/sdk_win_64/sdk_win_64/winavr/bin/../lib/gcc/avr/4.3.3/avr5\libgcc.a(_usi_to_sf.o)
 .debug_aranges
                0x000000e0       0x20 p:/sdk/sdk_win_64/sdk_win_64/winavr/bin/../lib/gcc/avr/4.3.3/avr5\libgcc.a(_clzsi2.o)
 .debug_aranges
                0x00000100       0x20 p:/sdk/sdk_win_64/sdk_win_64/winavr/bin/../lib/gcc/avr/4.3.3/avr5\libgcc.a(_pack_sf.o)
 .debug_aranges
                0x00000120       0x20 p:/sdk/sdk_win_64/sdk_win_64/winavr/bin/../lib/gcc/avr/4.3.3/avr5\libgcc.a(_unpack_sf.o)
 .debug_aranges
                0x00000140       0x20 p:/sdk/sdk_win_64/sdk_win_64/winavr/bin/../lib/gcc/avr/4.3.3/avr5\libgcc.a(_fpcmp_parts_sf.o)

.debug_pubnames
                0x00000000      0x1b6
 *(.debug_pubnames)
 .debug_pubnames
                0x00000000       0x23 p:/sdk/sdk_win_64/sdk_win_64/winavr/bin/../lib/gcc/avr/4.3.3/avr5\libgcc.a(_fixunssfsi.o)
 .debug_pubnames
                0x00000023       0x2c p:/sdk/sdk_win_64/sdk_win_64/winavr/bin/../lib/gcc/avr/4.3.3/avr5\libgcc.a(_addsub_sf.o)
 .debug_pubnames
                0x0000004f       0x1f p:/sdk/sdk_win_64/sdk_win_64/winavr/bin/../lib/gcc/avr/4.3.3/avr5\libgcc.a(_mul_sf.o)
 .debug_pubnames
                0x0000006e       0x1f p:/sdk/sdk_win_64/sdk_win_64/winavr/bin/../lib/gcc/avr/4.3.3/avr5\libgcc.a(_div_sf.o)
 .debug_pubnames
                0x0000008d       0x1e p:/sdk/sdk_win_64/sdk_win_64/winavr/bin/../lib/gcc/avr/4.3.3/avr5\libgcc.a(_ge_sf.o)
 .debug_pubnames
                0x000000ab       0x20 p:/sdk/sdk_win_64/sdk_win_64/winavr/bin/../lib/gcc/avr/4.3.3/avr5\libgcc.a(_sf_to_si.o)
 .debug_pubnames
                0x000000cb       0x22 p:/sdk/sdk_win_64/sdk_win_64/winavr/bin/../lib/gcc/avr/4.3.3/avr5\libgcc.a(_thenan_sf.o)
 .debug_pubnames
                0x000000ed       0x24 p:/sdk/sdk_win_64/sdk_win_64/winavr/bin/../lib/gcc/avr/4.3.3/avr5\libgcc.a(_usi_to_sf.o)
 .debug_pubnames
                0x00000111       0x1f p:/sdk/sdk_win_64/sdk_win_64/winavr/bin/../lib/gcc/avr/4.3.3/avr5\libgcc.a(_clzsi2.o)
 .debug_pubnames
                0x00000130       0x1f p:/sdk/sdk_win_64/sdk_win_64/winavr/bin/../lib/gcc/avr/4.3.3/avr5\libgcc.a(_pack_sf.o)
 .debug_pubnames
                0x0000014f       0x21 p:/sdk/sdk_win_64/sdk_win_64/winavr/bin/../lib/gcc/avr/4.3.3/avr5\libgcc.a(_unpack_sf.o)
 .debug_pubnames
                0x00000170       0x26 p:/sdk/sdk_win_64/sdk_win_64/winavr/bin/../lib/gcc/avr/4.3.3/avr5\libgcc.a(_fpcmp_parts_sf.o)
 .debug_pubnames
                0x00000196       0x20 p:/sdk/sdk_win_64/sdk_win_64/winavr/bin/../lib/gcc/avr/4.3.3/avr5\libgcc.a(_clz.o)

.debug_info     0x00000000     0x1f0d
 *(.debug_info)
 .debug_info    0x00000000       0xb1 p:/sdk/sdk_win_64/sdk_win_64/winavr/bin/../lib/gcc/avr/4.3.3/avr5\libgcc.a(_fixunssfsi.o)
 .debug_info    0x000000b1      0x47a p:/sdk/sdk_win_64/sdk_win_64/winavr/bin/../lib/gcc/avr/4.3.3/avr5\libgcc.a(_addsub_sf.o)
 .debug_info    0x0000052b      0x485 p:/sdk/sdk_win_64/sdk_win_64/winavr/bin/../lib/gcc/avr/4.3.3/avr5\libgcc.a(_mul_sf.o)
 .debug_info    0x000009b0      0x3fc p:/sdk/sdk_win_64/sdk_win_64/winavr/bin/../lib/gcc/avr/4.3.3/avr5\libgcc.a(_div_sf.o)
 .debug_info    0x00000dac      0x27f p:/sdk/sdk_win_64/sdk_win_64/winavr/bin/../lib/gcc/avr/4.3.3/avr5\libgcc.a(_ge_sf.o)
 .debug_info    0x0000102b      0x2b0 p:/sdk/sdk_win_64/sdk_win_64/winavr/bin/../lib/gcc/avr/4.3.3/avr5\libgcc.a(_sf_to_si.o)
 .debug_info    0x000012db      0x12c p:/sdk/sdk_win_64/sdk_win_64/winavr/bin/../lib/gcc/avr/4.3.3/avr5\libgcc.a(_thenan_sf.o)
 .debug_info    0x00001407      0x206 p:/sdk/sdk_win_64/sdk_win_64/winavr/bin/../lib/gcc/avr/4.3.3/avr5\libgcc.a(_usi_to_sf.o)
 .debug_info    0x0000160d      0x117 p:/sdk/sdk_win_64/sdk_win_64/winavr/bin/../lib/gcc/avr/4.3.3/avr5\libgcc.a(_clzsi2.o)
 .debug_info    0x00001724      0x2df p:/sdk/sdk_win_64/sdk_win_64/winavr/bin/../lib/gcc/avr/4.3.3/avr5\libgcc.a(_pack_sf.o)
 .debug_info    0x00001a03      0x251 p:/sdk/sdk_win_64/sdk_win_64/winavr/bin/../lib/gcc/avr/4.3.3/avr5\libgcc.a(_unpack_sf.o)
 .debug_info    0x00001c54      0x210 p:/sdk/sdk_win_64/sdk_win_64/winavr/bin/../lib/gcc/avr/4.3.3/avr5\libgcc.a(_fpcmp_parts_sf.o)
 .debug_info    0x00001e64       0xa9 p:/sdk/sdk_win_64/sdk_win_64/winavr/bin/../lib/gcc/avr/4.3.3/avr5\libgcc.a(_clz.o)
 *(.gnu.linkonce.wi.*)

.debug_abbrev   0x00000000     0x10d2
 *(.debug_abbrev)
 .debug_abbrev  0x00000000       0x5d p:/sdk/sdk_win_64/sdk_win_64/winavr/bin/../lib/gcc/avr/4.3.3/avr5\libgcc.a(_fixunssfsi.o)
 .debug_abbrev  0x0000005d      0x1ea p:/sdk/sdk_win_64/sdk_win_64/winavr/bin/../lib/gcc/avr/4.3.3/avr5\libgcc.a(_addsub_sf.o)
 .debug_abbrev  0x00000247      0x21b p:/sdk/sdk_win_64/sdk_win_64/winavr/bin/../lib/gcc/avr/4.3.3/avr5\libgcc.a(_mul_sf.o)
 .debug_abbrev  0x00000462      0x216 p:/sdk/sdk_win_64/sdk_win_64/winavr/bin/../lib/gcc/avr/4.3.3/avr5\libgcc.a(_div_sf.o)
 .debug_abbrev  0x00000678      0x15a p:/sdk/sdk_win_64/sdk_win_64/winavr/bin/../lib/gcc/avr/4.3.3/avr5\libgcc.a(_ge_sf.o)
 .debug_abbrev  0x000007d2      0x17f p:/sdk/sdk_win_64/sdk_win_64/winavr/bin/../lib/gcc/avr/4.3.3/avr5\libgcc.a(_sf_to_si.o)
 .debug_abbrev  0x00000951       0xad p:/sdk/sdk_win_64/sdk_win_64/winavr/bin/../lib/gcc/avr/4.3.3/avr5\libgcc.a(_thenan_sf.o)
 .debug_abbrev  0x000009fe      0x157 p:/sdk/sdk_win_64/sdk_win_64/winavr/bin/../lib/gcc/avr/4.3.3/avr5\libgcc.a(_usi_to_sf.o)
 .debug_abbrev  0x00000b55       0xc4 p:/sdk/sdk_win_64/sdk_win_64/winavr/bin/../lib/gcc/avr/4.3.3/avr5\libgcc.a(_clzsi2.o)
 .debug_abbrev  0x00000c19      0x1c0 p:/sdk/sdk_win_64/sdk_win_64/winavr/bin/../lib/gcc/avr/4.3.3/avr5\libgcc.a(_pack_sf.o)
 .debug_abbrev  0x00000dd9      0x154 p:/sdk/sdk_win_64/sdk_win_64/winavr/bin/../lib/gcc/avr/4.3.3/avr5\libgcc.a(_unpack_sf.o)
 .debug_abbrev  0x00000f2d      0x13b p:/sdk/sdk_win_64/sdk_win_64/winavr/bin/../lib/gcc/avr/4.3.3/avr5\libgcc.a(_fpcmp_parts_sf.o)
 .debug_abbrev  0x00001068       0x6a p:/sdk/sdk_win_64/sdk_win_64/winavr/bin/../lib/gcc/avr/4.3.3/avr5\libgcc.a(_clz.o)

.debug_line     0x00000000     0x1030
 *(.debug_line)
 .debug_line    0x00000000       0xa7 p:/sdk/sdk_win_64/sdk_win_64/winavr/bin/../lib/gcc/avr/4.3.3/avr5\libgcc.a(_fixunssfsi.o)
 .debug_line    0x000000a7      0x2af p:/sdk/sdk_win_64/sdk_win_64/winavr/bin/../lib/gcc/avr/4.3.3/avr5\libgcc.a(_addsub_sf.o)
 .debug_line    0x00000356      0x239 p:/sdk/sdk_win_64/sdk_win_64/winavr/bin/../lib/gcc/avr/4.3.3/avr5\libgcc.a(_mul_sf.o)
 .debug_line    0x0000058f      0x1d5 p:/sdk/sdk_win_64/sdk_win_64/winavr/bin/../lib/gcc/avr/4.3.3/avr5\libgcc.a(_div_sf.o)
 .debug_line    0x00000764       0xd3 p:/sdk/sdk_win_64/sdk_win_64/winavr/bin/../lib/gcc/avr/4.3.3/avr5\libgcc.a(_ge_sf.o)
 .debug_line    0x00000837      0x109 p:/sdk/sdk_win_64/sdk_win_64/winavr/bin/../lib/gcc/avr/4.3.3/avr5\libgcc.a(_sf_to_si.o)
 .debug_line    0x00000940       0x90 p:/sdk/sdk_win_64/sdk_win_64/winavr/bin/../lib/gcc/avr/4.3.3/avr5\libgcc.a(_thenan_sf.o)
 .debug_line    0x000009d0      0x133 p:/sdk/sdk_win_64/sdk_win_64/winavr/bin/../lib/gcc/avr/4.3.3/avr5\libgcc.a(_usi_to_sf.o)
 .debug_line    0x00000b03       0xa5 p:/sdk/sdk_win_64/sdk_win_64/winavr/bin/../lib/gcc/avr/4.3.3/avr5\libgcc.a(_clzsi2.o)
 .debug_line    0x00000ba8      0x18a p:/sdk/sdk_win_64/sdk_win_64/winavr/bin/../lib/gcc/avr/4.3.3/avr5\libgcc.a(_pack_sf.o)
 .debug_line    0x00000d32      0x14b p:/sdk/sdk_win_64/sdk_win_64/winavr/bin/../lib/gcc/avr/4.3.3/avr5\libgcc.a(_unpack_sf.o)
 .debug_line    0x00000e7d      0x137 p:/sdk/sdk_win_64/sdk_win_64/winavr/bin/../lib/gcc/avr/4.3.3/avr5\libgcc.a(_fpcmp_parts_sf.o)
 .debug_line    0x00000fb4       0x7c p:/sdk/sdk_win_64/sdk_win_64/winavr/bin/../lib/gcc/avr/4.3.3/avr5\libgcc.a(_clz.o)

.debug_frame    0x00000000      0x180
 *(.debug_frame)
 .debug_frame   0x00000000       0x20 p:/sdk/sdk_win_64/sdk_win_64/winavr/bin/../lib/gcc/avr/4.3.3/avr5\libgcc.a(_fixunssfsi.o)
 .debug_frame   0x00000020       0x40 p:/sdk/sdk_win_64/sdk_win_64/winavr/bin/../lib/gcc/avr/4.3.3/avr5\libgcc.a(_addsub_sf.o)
 .debug_frame   0x00000060       0x20 p:/sdk/sdk_win_64/sdk_win_64/winavr/bin/../lib/gcc/avr/4.3.3/avr5\libgcc.a(_mul_sf.o)
 .debug_frame   0x00000080       0x20 p:/sdk/sdk_win_64/sdk_win_64/winavr/bin/../lib/gcc/avr/4.3.3/avr5\libgcc.a(_div_sf.o)
 .debug_frame   0x000000a0       0x20 p:/sdk/sdk_win_64/sdk_win_64/winavr/bin/../lib/gcc/avr/4.3.3/avr5\libgcc.a(_ge_sf.o)
 .debug_frame   0x000000c0       0x20 p:/sdk/sdk_win_64/sdk_win_64/winavr/bin/../lib/gcc/avr/4.3.3/avr5\libgcc.a(_sf_to_si.o)
 .debug_frame   0x000000e0       0x20 p:/sdk/sdk_win_64/sdk_win_64/winavr/bin/../lib/gcc/avr/4.3.3/avr5\libgcc.a(_usi_to_sf.o)
 .debug_frame   0x00000100       0x20 p:/sdk/sdk_win_64/sdk_win_64/winavr/bin/../lib/gcc/avr/4.3.3/avr5\libgcc.a(_clzsi2.o)
 .debug_frame   0x00000120       0x20 p:/sdk/sdk_win_64/sdk_win_64/winavr/bin/../lib/gcc/avr/4.3.3/avr5\libgcc.a(_pack_sf.o)
 .debug_frame   0x00000140       0x20 p:/sdk/sdk_win_64/sdk_win_64/winavr/bin/../lib/gcc/avr/4.3.3/avr5\libgcc.a(_unpack_sf.o)
 .debug_frame   0x00000160       0x20 p:/sdk/sdk_win_64/sdk_win_64/winavr/bin/../lib/gcc/avr/4.3.3/avr5\libgcc.a(_fpcmp_parts_sf.o)

.debug_str      0x00000000      0x2e6
 *(.debug_str)
 .debug_str     0x00000000       0xbf p:/sdk/sdk_win_64/sdk_win_64/winavr/bin/../lib/gcc/avr/4.3.3/avr5\libgcc.a(_fixunssfsi.o)
                                 0xfe (size before relaxing)
 .debug_str     0x000000bf      0x14d p:/sdk/sdk_win_64/sdk_win_64/winavr/bin/../lib/gcc/avr/4.3.3/avr5\libgcc.a(_addsub_sf.o)
                                0x206 (size before relaxing)
 .debug_str     0x0000020c       0x27 p:/sdk/sdk_win_64/sdk_win_64/winavr/bin/../lib/gcc/avr/4.3.3/avr5\libgcc.a(_mul_sf.o)
                                0x1bf (size before relaxing)
 .debug_str     0x00000233       0x35 p:/sdk/sdk_win_64/sdk_win_64/winavr/bin/../lib/gcc/avr/4.3.3/avr5\libgcc.a(_div_sf.o)
                                0x1c8 (size before relaxing)
 .debug_str     0x00000268        0x8 p:/sdk/sdk_win_64/sdk_win_64/winavr/bin/../lib/gcc/avr/4.3.3/avr5\libgcc.a(_ge_sf.o)
                                0x195 (size before relaxing)
 .debug_str     0x00000270        0xa p:/sdk/sdk_win_64/sdk_win_64/winavr/bin/../lib/gcc/avr/4.3.3/avr5\libgcc.a(_sf_to_si.o)
                                0x19e (size before relaxing)
 .debug_str     0x00000000      0x103 p:/sdk/sdk_win_64/sdk_win_64/winavr/bin/../lib/gcc/avr/4.3.3/avr5\libgcc.a(_thenan_sf.o)
 .debug_str     0x0000027a       0x21 p:/sdk/sdk_win_64/sdk_win_64/winavr/bin/../lib/gcc/avr/4.3.3/avr5\libgcc.a(_usi_to_sf.o)
                                0x177 (size before relaxing)
 .debug_str     0x0000029b       0x20 p:/sdk/sdk_win_64/sdk_win_64/winavr/bin/../lib/gcc/avr/4.3.3/avr5\libgcc.a(_clzsi2.o)
                                0x111 (size before relaxing)
 .debug_str     0x000002bb       0x10 p:/sdk/sdk_win_64/sdk_win_64/winavr/bin/../lib/gcc/avr/4.3.3/avr5\libgcc.a(_pack_sf.o)
                                0x19d (size before relaxing)
 .debug_str     0x000002cb        0xb p:/sdk/sdk_win_64/sdk_win_64/winavr/bin/../lib/gcc/avr/4.3.3/avr5\libgcc.a(_unpack_sf.o)
                                0x17f (size before relaxing)
 .debug_str     0x000002d6       0x10 p:/sdk/sdk_win_64/sdk_win_64/winavr/bin/../lib/gcc/avr/4.3.3/avr5\libgcc.a(_fpcmp_parts_sf.o)
                                0x163 (size before relaxing)
 .debug_str     0x00000000       0xf4 p:/sdk/sdk_win_64/sdk_win_64/winavr/bin/../lib/gcc/avr/4.3.3/avr5\libgcc.a(_clz.o)

.debug_loc      0x00000000      0x8f6
 *(.debug_loc)
 .debug_loc     0x00000000       0x34 p:/sdk/sdk_win_64/sdk_win_64/winavr/bin/../lib/gcc/avr/4.3.3/avr5\libgcc.a(_fixunssfsi.o)
 .debug_loc     0x00000034      0x32a p:/sdk/sdk_win_64/sdk_win_64/winavr/bin/../lib/gcc/avr/4.3.3/avr5\libgcc.a(_addsub_sf.o)
 .debug_loc     0x0000035e      0x104 p:/sdk/sdk_win_64/sdk_win_64/winavr/bin/../lib/gcc/avr/4.3.3/avr5\libgcc.a(_mul_sf.o)
 .debug_loc     0x00000462       0xc0 p:/sdk/sdk_win_64/sdk_win_64/winavr/bin/../lib/gcc/avr/4.3.3/avr5\libgcc.a(_div_sf.o)
 .debug_loc     0x00000522       0x3c p:/sdk/sdk_win_64/sdk_win_64/winavr/bin/../lib/gcc/avr/4.3.3/avr5\libgcc.a(_ge_sf.o)
 .debug_loc     0x0000055e       0x7e p:/sdk/sdk_win_64/sdk_win_64/winavr/bin/../lib/gcc/avr/4.3.3/avr5\libgcc.a(_sf_to_si.o)
 .debug_loc     0x000005dc       0x4c p:/sdk/sdk_win_64/sdk_win_64/winavr/bin/../lib/gcc/avr/4.3.3/avr5\libgcc.a(_usi_to_sf.o)
 .debug_loc     0x00000628       0x94 p:/sdk/sdk_win_64/sdk_win_64/winavr/bin/../lib/gcc/avr/4.3.3/avr5\libgcc.a(_clzsi2.o)
 .debug_loc     0x000006bc      0x13e p:/sdk/sdk_win_64/sdk_win_64/winavr/bin/../lib/gcc/avr/4.3.3/avr5\libgcc.a(_pack_sf.o)
 .debug_loc     0x000007fa       0xac p:/sdk/sdk_win_64/sdk_win_64/winavr/bin/../lib/gcc/avr/4.3.3/avr5\libgcc.a(_unpack_sf.o)
 .debug_loc     0x000008a6       0x50 p:/sdk/sdk_win_64/sdk_win_64/winavr/bin/../lib/gcc/avr/4.3.3/avr5\libgcc.a(_fpcmp_parts_sf.o)

.debug_macinfo
 *(.debug_macinfo)
OUTPUT(512_GROUP.elf elf32-avr)
LOAD linker stubs

.debug_ranges   0x00000000       0x50
 .debug_ranges  0x00000000       0x50 p:/sdk/sdk_win_64/sdk_win_64/winavr/bin/../lib/gcc/avr/4.3.3/avr5\libgcc.a(_mul_sf.o)
